## Variables

<table>
<tr><th>Name</th><th>Description</th><th>Type</th><th>Default</th></tr>
<tr>
<td>list-2</td>
<td>It's list number two.</td>
<td>

`list`</td>
<td>

n/a</td>
</tr>
<tr>
<td>map-2</td>
<td>It's map number two.</td>
<td>

`map`</td>
<td>

n/a</td>
</tr>
<tr>
<td>string-2</td>
<td>It's string number two.</td>
<td>

`string`</td>
<td>

n/a</td>
</tr>
<tr>
<td>unquoted</td>
<td></td>
<td>

``</td>
<td>

n/a</td>
</tr>
<tr>
<td>variable_with_underscores</td>
<td></td>
<td>

``</td>
<td>

n/a</td>
</tr>
<tr>
<td>list-1</td>
<td></td>
<td>

`list`</td>
<td>

```json
[
  "a",
  "b",
  "c"
]
```
</td>
</tr>
<tr>
<td>list-3</td>
<td></td>
<td>

``</td>
<td>

`[]`</td>
</tr>
<tr>
<td>long_type</td>
<td>This description is itself markdown.<br><br>It spans over multiple lines.</td>
<td>

```hcl
object({
    name = string,
    foo  = object({ foo = string, bar = string }),
    bar  = object({ foo = string, bar = string }),
    fizz = list(string),
    buzz = list(string)
  })
```
</td>
<td>

```json
{
  "bar": {
    "bar": "bar",
    "foo": "bar"
  },
  "buzz": [
    "fizz",
    "buzz"
  ],
  "fizz": [],
  "foo": {
    "bar": "foo",
    "foo": "foo"
  },
  "name": "hello"
}
```
</td>
</tr>
<tr>
<td>map-1</td>
<td></td>
<td>

`map`</td>
<td>

```json
{
  "a": 1,
  "b": 2,
  "c": 3
}
```
</td>
</tr>
<tr>
<td>map-3</td>
<td></td>
<td>

``</td>
<td>

`{}`</td>
</tr>
<tr>
<td>string-1</td>
<td></td>
<td>

``</td>
<td>

`"bar"`</td>
</tr>
<tr>
<td>string-3</td>
<td></td>
<td>

``</td>
<td>

`""`</td>
</tr>
</table>

## Outputs

| Name | Description |
|------|-------------|
| output-0.12 | terraform 0.12 only |
| output-1 |  |
| output-2 | It's output number two. |
| unquoted | It's unquoted output. |
