## Variables

### Required Variables

The following variables are required:

#### list-2

Description: It's list number two.

Type:
`list`

#### map-2

Description: It's map number two.

Type:
`map`

#### string-2

Description: It's string number two.

Type:
`string`

#### unquoted

Description:

Type:
``

#### variable\_with\_underscores

Description:

Type:
``

### Optional Variables

The following variables are optional (have default values):

#### list-1

Description:

Type:
`list`

Default:
```json
[
  "a",
  "b",
  "c"
]
```

#### list-3

Description:

Type:
``

Default:
`[]`

#### long\_type

Description: This description is itself markdown.<br><br>It spans over multiple lines.

Type:
```hcl
object({
    name = string,
    foo  = object({ foo = string, bar = string }),
    bar  = object({ foo = string, bar = string }),
    fizz = list(string),
    buzz = list(string)
  })
```

Default:
```json
{
  "bar": {
    "bar": "bar",
    "foo": "bar"
  },
  "buzz": [
    "fizz",
    "buzz"
  ],
  "fizz": [],
  "foo": {
    "bar": "foo",
    "foo": "foo"
  },
  "name": "hello"
}
```

#### map-1

Description:

Type:
`map`

Default:
```json
{
  "a": 1,
  "b": 2,
  "c": 3
}
```

#### map-3

Description:

Type:
``

Default:
`{}`

#### string-1

Description:

Type:
``

Default:
`"bar"`

#### string-3

Description:

Type:
``

Default:
`""`

### input-with-pipe

Description: It includes v1 \| v2 \| v3

Type: `string`

Default: `"v1"`

### input-with-code-block

Description: This is a complicated one. We need a newline.  
And an example in a code block
```
default     = [
  "machine rack01:neptune"
]
```

Type: `list`

Default: `<list>`

## Outputs

The following outputs are exported:

#### output-0.12

Description: terraform 0.12 only

#### output-1

Description:

#### output-2

Description: It's output number two.

#### unquoted

Description: It's unquoted output.
